﻿
> web-app@0.0.0 build
> tsc && vite build

[36mvite v4.5.14 [32mbuilding for production...[36m[39m
transforming...
[32mÔ£ô[39m 235 modules transformed.
[32mÔ£ô built in 2.39s[39m

Ô£¿ [vite-plugin-compression]:algorithm=gzip - compressed file successfully: 
dist/C:/Users/della/OneDrive/Escritorio/seogrowthers/Nueva carpeta/Nueva carpeta/horizons-export-4ae51224-e377-439c-9315-7d2c7f7b11c2/assets/AdminLayout-430e22b8.js.gz           2.88kb / gzip: 1.19kb
dist/C:/Users/della/OneDrive/Escritorio/seogrowthers/Nueva carpeta/Nueva carpeta/horizons-export-4ae51224-e377-439c-9315-7d2c7f7b11c2/assets/accordion-b438bd99.js.gz             6.49kb / gzip: 2.41kb
dist/C:/Users/della/OneDrive/Escritorio/seogrowthers/Nueva carpeta/Nueva carpeta/horizons-export-4ae51224-e377-439c-9315-7d2c7f7b11c2/assets/AdSidebar-dc3593de.js.gz             2.74kb / gzip: 1.23kb
dist/C:/Users/della/OneDrive/Escritorio/seogrowthers/Nueva carpeta/Nueva carpeta/horizons-export-4ae51224-e377-439c-9315-7d2c7f7b11c2/assets/ArticleForm-a7fe481d.js.gz           1.59kb / gzip: 0.71kb
dist/C:/Users/della/OneDrive/Escritorio/seogrowthers/Nueva carpeta/Nueva carpeta/horizons-export-4ae51224-e377-439c-9315-7d2c7f7b11c2/assets/AdsManagement-07434c0e.js.gz         7.15kb / gzip: 2.57kb
dist/C:/Users/della/OneDrive/Escritorio/seogrowthers/Nueva carpeta/Nueva carpeta/horizons-export-4ae51224-e377-439c-9315-7d2c7f7b11c2/assets/ArticlesList-68e4e541.js.gz          1.18kb / gzip: 0.64kb
dist/C:/Users/della/OneDrive/Escritorio/seogrowthers/Nueva carpeta/Nueva carpeta/horizons-export-4ae51224-e377-439c-9315-7d2c7f7b11c2/assets/ArticlesPreview-1c65178a.js.gz       2.82kb / gzip: 1.25kb
dist/C:/Users/della/OneDrive/Escritorio/seogrowthers/Nueva carpeta/Nueva carpeta/horizons-export-4ae51224-e377-439c-9315-7d2c7f7b11c2/assets/ContactPage-0691158b.js.gz           8.71kb / gzip: 2.25kb
dist/C:/Users/della/OneDrive/Escritorio/seogrowthers/Nueva carpeta/Nueva carpeta/horizons-export-4ae51224-e377-439c-9315-7d2c7f7b11c2/assets/CategoryForm-38773685.js.gz          3.49kb / gzip: 1.45kb
dist/C:/Users/della/OneDrive/Escritorio/seogrowthers/Nueva carpeta/Nueva carpeta/horizons-export-4ae51224-e377-439c-9315-7d2c7f7b11c2/assets/BlogPage-59c98eec.js.gz              10.63kb / gzip: 3.83kb
dist/C:/Users/della/OneDrive/Escritorio/seogrowthers/Nueva carpeta/Nueva carpeta/horizons-export-4ae51224-e377-439c-9315-7d2c7f7b11c2/assets/dialog-139c7e49.js.gz                2.35kb / gzip: 0.89kb
dist/C:/Users/della/OneDrive/Escritorio/seogrowthers/Nueva carpeta/Nueva carpeta/horizons-export-4ae51224-e377-439c-9315-7d2c7f7b11c2/assets/CreatePostPage-52e9e478.js.gz        9.76kb / gzip: 3.44kb
dist/C:/Users/della/OneDrive/Escritorio/seogrowthers/Nueva carpeta/Nueva carpeta/horizons-export-4ae51224-e377-439c-9315-7d2c7f7b11c2/assets/ForgotPassword-fa744ae9.js.gz        4.33kb / gzip: 1.76kb
dist/C:/Users/della/OneDrive/Escritorio/seogrowthers/Nueva carpeta/Nueva carpeta/horizons-export-4ae51224-e377-439c-9315-7d2c7f7b11c2/assets/GenericList-6843f52b.js.gz           4.49kb / gzip: 1.74kb
dist/C:/Users/della/OneDrive/Escritorio/seogrowthers/Nueva carpeta/Nueva carpeta/horizons-export-4ae51224-e377-439c-9315-7d2c7f7b11c2/assets/CompleteGuideButton-e42d00e8.js.gz   15.97kb / gzip: 4.91kb
dist/C:/Users/della/OneDrive/Escritorio/seogrowthers/Nueva carpeta/Nueva carpeta/horizons-export-4ae51224-e377-439c-9315-7d2c7f7b11c2/assets/ForumPage-d54acb80.js.gz             15.95kb / gzip: 4.57kb
dist/C:/Users/della/OneDrive/Escritorio/seogrowthers/Nueva carpeta/Nueva carpeta/horizons-export-4ae51224-e377-439c-9315-7d2c7f7b11c2/assets/ImageUpload-ba62be83.css.gz          15.07kb / gzip: 3.11kb
dist/C:/Users/della/OneDrive/Escritorio/seogrowthers/Nueva carpeta/Nueva carpeta/horizons-export-4ae51224-e377-439c-9315-7d2c7f7b11c2/assets/AiStudioGuidePage-fcf167fe.js.gz     33.72kb / gzip: 12.32kb
dist/C:/Users/della/OneDrive/Escritorio/seogrowthers/Nueva carpeta/Nueva carpeta/horizons-export-4ae51224-e377-439c-9315-7d2c7f7b11c2/assets/index-820fab5e.js.gz                 6.01kb / gzip: 2.07kb
dist/C:/Users/della/OneDrive/Escritorio/seogrowthers/Nueva carpeta/Nueva carpeta/horizons-export-4ae51224-e377-439c-9315-7d2c7f7b11c2/assets/Login-7661c614.js.gz                 4.82kb / gzip: 2.10kb
dist/C:/Users/della/OneDrive/Escritorio/seogrowthers/Nueva carpeta/Nueva carpeta/horizons-export-4ae51224-e377-439c-9315-7d2c7f7b11c2/assets/LoginPage-2b5bd7e4.js.gz             8.88kb / gzip: 3.04kb
dist/C:/Users/della/OneDrive/Escritorio/seogrowthers/Nueva carpeta/Nueva carpeta/horizons-export-4ae51224-e377-439c-9315-7d2c7f7b11c2/assets/Placeholders-16cf7954.js.gz          1.30kb / gzip: 0.64kb
dist/C:/Users/della/OneDrive/Escritorio/seogrowthers/Nueva carpeta/Nueva carpeta/horizons-export-4ae51224-e377-439c-9315-7d2c7f7b11c2/assets/Privacy-08ac1223.js.gz               4.24kb / gzip: 1.76kb
dist/C:/Users/della/OneDrive/Escritorio/seogrowthers/Nueva carpeta/Nueva carpeta/horizons-export-4ae51224-e377-439c-9315-7d2c7f7b11c2/assets/Home-211a4f74.js.gz                  36.21kb / gzip: 11.27kb
dist/C:/Users/della/OneDrive/Escritorio/seogrowthers/Nueva carpeta/Nueva carpeta/horizons-export-4ae51224-e377-439c-9315-7d2c7f7b11c2/assets/Project-0196e71a.js.gz               10.36kb / gzip: 3.59kb
dist/C:/Users/della/OneDrive/Escritorio/seogrowthers/Nueva carpeta/Nueva carpeta/horizons-export-4ae51224-e377-439c-9315-7d2c7f7b11c2/assets/ProfilePage-18121842.js.gz           23.81kb / gzip: 6.54kb
dist/C:/Users/della/OneDrive/Escritorio/seogrowthers/Nueva carpeta/Nueva carpeta/horizons-export-4ae51224-e377-439c-9315-7d2c7f7b11c2/assets/ResetPassword-395c0d86.js.gz         4.81kb / gzip: 1.72kb
dist/C:/Users/della/OneDrive/Escritorio/seogrowthers/Nueva carpeta/Nueva carpeta/horizons-export-4ae51224-e377-439c-9315-7d2c7f7b11c2/assets/ResourceForm-8c0d7aa9.js.gz          1.08kb / gzip: 0.59kb
dist/C:/Users/della/OneDrive/Escritorio/seogrowthers/Nueva carpeta/Nueva carpeta/horizons-export-4ae51224-e377-439c-9315-7d2c7f7b11c2/assets/RegisterPage-c993953f.js.gz          10.12kb / gzip: 2.96kb
dist/C:/Users/della/OneDrive/Escritorio/seogrowthers/Nueva carpeta/Nueva carpeta/horizons-export-4ae51224-e377-439c-9315-7d2c7f7b11c2/assets/ImageOptimized-cefaf477.js.gz        1.67kb / gzip: 0.96kb
dist/C:/Users/della/OneDrive/Escritorio/seogrowthers/Nueva carpeta/Nueva carpeta/horizons-export-4ae51224-e377-439c-9315-7d2c7f7b11c2/assets/SeoAudit-89ed8e6b.js.gz              3.37kb / gzip: 1.40kb
dist/C:/Users/della/OneDrive/Escritorio/seogrowthers/Nueva carpeta/Nueva carpeta/horizons-export-4ae51224-e377-439c-9315-7d2c7f7b11c2/assets/ResourcesPage-32cb5fa4.js.gz         10.35kb / gzip: 3.41kb
dist/C:/Users/della/OneDrive/Escritorio/seogrowthers/Nueva carpeta/Nueva carpeta/horizons-export-4ae51224-e377-439c-9315-7d2c7f7b11c2/assets/SeoGuidePage-27594e60.js.gz          9.88kb / gzip: 4.46kb
dist/C:/Users/della/OneDrive/Escritorio/seogrowthers/Nueva carpeta/Nueva carpeta/horizons-export-4ae51224-e377-439c-9315-7d2c7f7b11c2/assets/seoHelpers-f9ea4685.js.gz            3.70kb / gzip: 1.49kb
dist/C:/Users/della/OneDrive/Escritorio/seogrowthers/Nueva carpeta/Nueva carpeta/horizons-export-4ae51224-e377-439c-9315-7d2c7f7b11c2/assets/Services-b686440d.js.gz              9.17kb / gzip: 2.53kb
dist/C:/Users/della/OneDrive/Escritorio/seogrowthers/Nueva carpeta/Nueva carpeta/horizons-export-4ae51224-e377-439c-9315-7d2c7f7b11c2/assets/switch-0982c79f.js.gz                2.47kb / gzip: 1.25kb
dist/C:/Users/della/OneDrive/Escritorio/seogrowthers/Nueva carpeta/Nueva carpeta/horizons-export-4ae51224-e377-439c-9315-7d2c7f7b11c2/assets/table-5901b2fa.js.gz                 1.65kb / gzip: 0.57kb
dist/C:/Users/della/OneDrive/Escritorio/seogrowthers/Nueva carpeta/Nueva carpeta/horizons-export-4ae51224-e377-439c-9315-7d2c7f7b11c2/assets/Terms-8828fa65.js.gz                 4.27kb / gzip: 1.70kb
dist/C:/Users/della/OneDrive/Escritorio/seogrowthers/Nueva carpeta/Nueva carpeta/horizons-export-4ae51224-e377-439c-9315-7d2c7f7b11c2/assets/ToolForm-21bc8e05.js.gz              1.56kb / gzip: 0.71kb
dist/C:/Users/della/OneDrive/Escritorio/seogrowthers/Nueva carpeta/Nueva carpeta/horizons-export-4ae51224-e377-439c-9315-7d2c7f7b11c2/assets/ToolsPage-8e15565d.js.gz             9.23kb / gzip: 2.30kb
dist/C:/Users/della/OneDrive/Escritorio/seogrowthers/Nueva carpeta/Nueva carpeta/horizons-export-4ae51224-e377-439c-9315-7d2c7f7b11c2/guides/metadatos-fragmentos.html.gz         6.78kb / gzip: 2.81kb
dist/C:/Users/della/OneDrive/Escritorio/seogrowthers/Nueva carpeta/Nueva carpeta/horizons-export-4ae51224-e377-439c-9315-7d2c7f7b11c2/assets/ToolsList-2040be87.js.gz             1.03kb / gzip: 0.54kb
dist/C:/Users/della/OneDrive/Escritorio/seogrowthers/Nueva carpeta/Nueva carpeta/horizons-export-4ae51224-e377-439c-9315-7d2c7f7b11c2/guides/nomenclatura-urls-seo.html.gz        6.26kb / gzip: 2.63kb
dist/C:/Users/della/OneDrive/Escritorio/seogrowthers/Nueva carpeta/Nueva carpeta/horizons-export-4ae51224-e377-439c-9315-7d2c7f7b11c2/guides/optimizacion-imagenes-seo.html.gz    8.96kb / gzip: 3.66kb
dist/C:/Users/della/OneDrive/Escritorio/seogrowthers/Nueva carpeta/Nueva carpeta/horizons-export-4ae51224-e377-439c-9315-7d2c7f7b11c2/index.html.gz                               2.54kb / gzip: 1.00kb
dist/C:/Users/della/OneDrive/Escritorio/seogrowthers/Nueva carpeta/Nueva carpeta/horizons-export-4ae51224-e377-439c-9315-7d2c7f7b11c2/assets/select-502cb161.js.gz                2.70kb / gzip: 1.01kb
dist/C:/Users/della/OneDrive/Escritorio/seogrowthers/Nueva carpeta/Nueva carpeta/horizons-export-4ae51224-e377-439c-9315-7d2c7f7b11c2/assets/GenericForm-20e7a1c6.js.gz           78.39kb / gzip: 22.85kb
dist/C:/Users/della/OneDrive/Escritorio/seogrowthers/Nueva carpeta/Nueva carpeta/horizons-export-4ae51224-e377-439c-9315-7d2c7f7b11c2/assets/index-9ec00294.js.gz                 80.70kb / gzip: 25.72kb
dist/C:/Users/della/OneDrive/Escritorio/seogrowthers/Nueva carpeta/Nueva carpeta/horizons-export-4ae51224-e377-439c-9315-7d2c7f7b11c2/assets/index-b58de4c0.css.gz                156.21kb / gzip: 21.64kb
dist/C:/Users/della/OneDrive/Escritorio/seogrowthers/Nueva carpeta/Nueva carpeta/horizons-export-4ae51224-e377-439c-9315-7d2c7f7b11c2/assets/animation-vendor-a537a50b.js.gz      101.27kb / gzip: 34.19kb
dist/C:/Users/della/OneDrive/Escritorio/seogrowthers/Nueva carpeta/Nueva carpeta/horizons-export-4ae51224-e377-439c-9315-7d2c7f7b11c2/assets/supabase-vendor-d7281810.js.gz       129.41kb / gzip: 35.80kb
dist/C:/Users/della/OneDrive/Escritorio/seogrowthers/Nueva carpeta/Nueva carpeta/horizons-export-4ae51224-e377-439c-9315-7d2c7f7b11c2/assets/react-vendor-34702161.js.gz          157.52kb / gzip: 51.19kb
dist/C:/Users/della/OneDrive/Escritorio/seogrowthers/Nueva carpeta/Nueva carpeta/horizons-export-4ae51224-e377-439c-9315-7d2c7f7b11c2/assets/ui-vendor-8f1f26a7.js.gz             151.83kb / gzip: 49.67kb
dist/C:/Users/della/OneDrive/Escritorio/seogrowthers/Nueva carpeta/Nueva carpeta/horizons-export-4ae51224-e377-439c-9315-7d2c7f7b11c2/assets/ArticleDetail-f45e96a6.js.gz         345.05kb / gzip: 106.91kb
dist/C:/Users/della/OneDrive/Escritorio/seogrowthers/Nueva carpeta/Nueva carpeta/horizons-export-4ae51224-e377-439c-9315-7d2c7f7b11c2/assets/ImageUpload-fbf8a70b.js.gz           745.50kb / gzip: 236.11kb


npm.cmd : [31m[vite]: Rollup failed to resolve import "@radix-ui/react-tabs" from 
"C:/Users/della/OneDrive/Escritorio/seogrowthers/Nueva carpeta/Nueva 
carpeta/horizons-export-4ae51224-e377-439c-9315-7d2c7f7b11c2/src/components/ui/tabs.jsx".
En línea: 1 Carácter: 1
+ npm.cmd run build > build_output.txt 2>&1
+ ~~~~~~~~~~~~~~~~~~~~~~~~~~~~~~~~~~~~~~~~~
    + CategoryInfo          : NotSpecified: ([31m[vite]: Ro...s/ui/tabs.jsx".:String) [], RemoteException
    + FullyQualifiedErrorId : NativeCommandError
 
This is most likely unintended because it can break your application at runtime.
If you do want to externalize this module explicitly add it to
`build.rollupOptions.external`[39m
[31merror during build:
Error: [vite]: Rollup failed to resolve import "@radix-ui/react-tabs" from 
"C:/Users/della/OneDrive/Escritorio/seogrowthers/Nueva carpeta/Nueva 
carpeta/horizons-export-4ae51224-e377-439c-9315-7d2c7f7b11c2/src/components/ui/tabs.jsx".
This is most likely unintended because it can break your application at runtime.
If you do want to externalize this module explicitly add it to
`build.rollupOptions.external`
    at viteWarn (file:///C:/Users/della/OneDrive/Escritorio/seogrowthers/Nueva%20carpeta/Nueva%20carpeta/horizons-expor
t-4ae51224-e377-439c-9315-7d2c7f7b11c2/node_modules/vite/dist/node/chunks/dep-827b23df.js:48272:27)
    at onwarn (file:///C:/Users/della/OneDrive/Escritorio/seogrowthers/Nueva%20carpeta/Nueva%20carpeta/horizons-export-
4ae51224-e377-439c-9315-7d2c7f7b11c2/node_modules/@vitejs/plugin-react/dist/index.js:90:7)
    at onRollupWarning (file:///C:/Users/della/OneDrive/Escritorio/seogrowthers/Nueva%20carpeta/Nueva%20carpeta/horizon
s-export-4ae51224-e377-439c-9315-7d2c7f7b11c2/node_modules/vite/dist/node/chunks/dep-827b23df.js:48301:9)
    at onwarn (file:///C:/Users/della/OneDrive/Escritorio/seogrowthers/Nueva%20carpeta/Nueva%20carpeta/horizons-export-
4ae51224-e377-439c-9315-7d2c7f7b11c2/node_modules/vite/dist/node/chunks/dep-827b23df.js:48032:13)
    at file:///C:/Users/della/OneDrive/Escritorio/seogrowthers/Nueva%20carpeta/Nueva%20carpeta/horizons-export-4ae51224
-e377-439c-9315-7d2c7f7b11c2/node_modules/rollup/dist/es/shared/node-entry.js:24276:13
    at Object.logger [as onLog] (file:///C:/Users/della/OneDrive/Escritorio/seogrowthers/Nueva%20carpeta/Nueva%20carpet
a/horizons-export-4ae51224-e377-439c-9315-7d2c7f7b11c2/node_modules/rollup/dist/es/shared/node-entry.js:25950:9)
    at ModuleLoader.handleInvalidResolvedId (file:///C:/Users/della/OneDrive/Escritorio/seogrowthers/Nueva%20carpeta/Nu
eva%20carpeta/horizons-export-4ae51224-e377-439c-9315-7d2c7f7b11c2/node_modules/rollup/dist/es/shared/node-entry.js:248
62:26)
    at file:///C:/Users/della/OneDrive/Escritorio/seogrowthers/Nueva%20carpeta/Nueva%20carpeta/horizons-export-4ae51224
-e377-439c-9315-7d2c7f7b11c2/node_modules/rollup/dist/es/shared/node-entry.js:24822:26
    at process.processTicksAndRejections (node:internal/process/task_queues:104:5)[39m
